// Jest Snapshot v1, https://goo.gl/fbAQLP

exports[`<Main /> should render 1`] = `
<div>
  <h1>
    PayFlow
  </h1>
</div>
`;
